
[Test_ListZonesHandlerV1_Success - 1]
{"zones":[{"ID":"ABC","externalID":"1234","name":"zone1"},{"ID":"DEF","externalID":"5678","name":"zone2"}],"total":2}
---

[Test_ListZonesHandlerV1_Empty - 1]
{"zones":[],"total":0}
---

[Test_ListZonesHandlerV1_Error - 1]
{"errorCode":"INTERNAL_SERVER_ERROR","message":"mock error","statusCode":500}
---
