
[Test_GetPricesV1_Success - 1]
{"prices":[{"date":"2023-10-02","zone_id":"ABC","values":[{"datetime":"2023-10-02T00:00:00+02:00","value":0.1}]}]}
---

[Test_GetPricesV1_Empty - 1]
{"prices":[]}
---

[Test_GetPricesV1_Error - 1]
{"errorCode":"INTERNAL_SERVER_ERROR","message":"mock error","statusCode":500}
---
